// Jest Snapshot v1, https://goo.gl/fbAQLP

exports[`If Button works properly If Snapshot exists correctly 1`] = `[Function]`;

exports[`If DropDown works properly If Snapshot exists correctly 1`] = `[Function]`;
